// Jest Snapshot v1, https://goo.gl/fbAQLP

exports[`<Base /> should render 1`] = `
.c11 {
  padding-top: 5.4rem;
}

.c4 {
  max-width: 120rem;
  margin: 0 auto;
  padding: 3.2rem;
}

.c7 {
  color: #0A1128;
  font-size: 2.4rem;
  text-transform: uppercase;
}

.c14 {
  color: #FFFFFF;
  font-size: 6.4rem;
  text-transform: uppercase;
}

.c22 {
  color: #FFFFFF;
  font-size: 3.2rem;
  text-transform: none;
}

.c2 {
  position: fixed;
  z-index: 5;
  top: 0;
  left: 0;
  right: 0;
  width: 100%;
  border-bottom: 0.1rem solid #DDDDDD;
  background: #FFFFFF;
  transition: opacity 300ms ease-in-out,visibility 300ms ease-in-out;
}

.c2 >.c3 {
  padding-top: 0;
  padding-bottom: 0;
}

.c2 .c6 {
  margin-top: 0;
  margin-bottom: 0;
}

.c5 {
  display: flex;
  justify-content: space-between;
  align-items: center;
}

.c0 {
  z-index: 6;
  position: fixed;
  top: 2rem;
  right: 2rem;
  width: 4rem;
  height: 4rem;
  background: #0A1128;
  color: #FFFFFF;
  border: none;
  border-radius: 0.4rem;
  display: none;
  pointer-events: all;
}

.c0 >svg {
  width: 2.5rem;
  height: 2.5rem;
}

.c8 {
  display: flex;
  align-items: center;
  text-decoration: none;
  color: inherit;
}

.c8 >img {
  max-height: 4rem;
}

.c9 {
  display: flex;
  flex-flow: row wrap;
}

.c10 {
  display: block;
  text-decoration: none;
  position: relative;
  font-size: 1.6rem;
  padding: 1.6rem;
  color: #0A1128;
}

.c10::after {
  content: '';
  position: absolute;
  bottom: 0.8rem;
  left: 50%;
  width: 0;
  height: 0.2rem;
  background: #dc143c;
  transition: all 300ms ease-in-out;
}

.c10:hover::after {
  left: 25%;
  width: 50%;
}

.c1 {
  display: inline-block;
  vertical-align: middle;
  overflow: hidden;
}

.c16 {
  font-size: 2.4rem;
}

.c23 {
  text-align: center;
  border-top: 0.1rem solid #DDDDDD;
}

.c23 a {
  color: inherit;
  text-decoration: none;
}

.c23 .c15 {
  font-size: 1.6rem;
}

.c23 .c3 {
  padding-top: 0;
  padding-bottom: 0;
}

.c24 {
  position: fixed;
  display: flex;
  align-items: center;
  justify-content: center;
  width: 4rem;
  height: 4rem;
  bottom: 2rem;
  right: 2rem;
  z-index: 6;
  background: #0A1128;
  color: #FFFFFF;
  border-radius: 0.4rem;
  transition: all 0.2s ease-in-out;
  box-shadow: 0 2px 4px rgba(0, 0, 0, 0.2);
}

.c24:hover {
  transform: translateY(-3px);
  box-shadow: 0 4px 8px rgba(0, 0, 0, 0.3);
  background: #dc143c;
}

.c24:active {
  transform: translateY(0);
  box-shadow: 0 1px 2px rgba(0, 0, 0, 0.2);
  background: #0A1128;
}

.c24 >svg {
  width: 2.4rem;
  height: 2.4rem;
  transition: transform 0.2s ease-in-out;
}

.c24:hover>svg {
  transform: translateY(-3px);
}

.c24:active>svg {
  transform: translateY(0);
}

.c13 {
  width: 100%;
  max-width: 120rem;
  margin: 0 auto;
}

.c13 .c15 {
  margin-bottom: 6.4rem;
  opacity: 0.9;
}

.c13 >.c6 {
  text-shadow: 0.1rem 0.1rem 0.2rem rgba(0, 0, 0, 0.2);
  margin-bottom: 2.4rem;
}

.c17 {
  counter-reset: grid-counter;
  display: grid;
  max-width: 100%;
  grid-template-columns: repeat(auto-fit, minmax(min(100%, 32rem), 1fr));
  gap: 4.0rem;
}

.c19 {
  position: relative;
  overflow: hidden;
  box-shadow: 0 4px 8px rgba(0, 0, 0, 0.1);
  transition: all 0.3s ease-in-out;
  border-radius: 10px;
  padding: 2.4rem;
  background: rgba(255, 255, 255, 0.03);
}

.c19:hover {
  transform: translateY(-6px);
  background: rgba(255, 255, 255, 0.05);
}

.c19 .c15 {
  opacity: 0.85;
  line-height: 1.6;
}

.c20 {
  display: flex;
  align-items: center;
  margin-bottom: 2.4rem;
  position: relative;
}

.c20 .c6 {
  margin: 0;
  padding-left: 2.4rem;
}

.c21 {
  font-size: 6.4rem;
  font-weight: 700;
  opacity: 0.15;
  transition: all 0.3s ease-in-out;
}

.c18:hover .c21 {
  opacity: 0.2;
  transform: scale(1.1) rotate(5deg);
}

.c12 {
  background: #FFFFFF;
  color: #0A1128;
  background-image: url(/assets/images/backgrounds/blue-bg.svg);
  background-size: cover;
  background-position: center center;
  background-repeat: no-repeat;
  color: #FFFFFF;
  min-height: 100vh;
  display: flex;
  align-items: center;
}

@media (max-width: 768px) {
  .c11 {
    padding-top: 0;
  }
}

@media (max-width: 768px) {
  .c14 {
    font-size: 4.0rem;
  }
}

@media (max-width: 768px) {
  .c2 {
    height: 100vh;
    visibility: hidden;
    opacity: 0;
  }

  .c2 >.c3 {
    display: grid;
    grid-template-columns: 1fr;
    grid-template-rows: 1fr;
    height: 100vh;
    align-items: center;
    overflow-y: auto;
  }

  .c2 .c6 {
    padding-bottom: 3.2rem;
    display: flex;
    justify-content: center;
  }
}

@media (max-width: 768px) {
  .c5 {
    display: block;
    text-align: center;
    padding: 4.8rem 0;
  }
}

@media (max-width: 768px) {
  .c0 {
    display: flex;
    align-items: center;
    justify-content: center;
  }
}

@media (max-width: 768px) {
  .c9 {
    flex-flow: column wrap;
    align-content: center;
  }
}

@media (max-width: 768px) {
  .c13 .c15 {
    margin-bottom: 3.2rem;
  }
}

@media (max-width: 768px) {
  .c17 {
    grid-template-columns: 1fr;
  }
}

<div>
  <button
    aria-label="Open/Close menu"
    class="c0"
  >
    <svg
      aria-hidden="true"
      aria-label="Open menu"
      class="c1"
      fill="currentColor"
      focusable="false"
      viewBox="0 0 24 24"
      xmlns="http://www.w3.org/2000/svg"
    >
      <path
        d="M3 18h18v-2H3v2zm0-5h18v-2H3v2zm0-7v2h18V6H3z"
      />
    </svg>
  </button>
  <div
    class="c2"
  >
    <div
      class="c3 c4"
    >
      <div
        class="c5"
      >
        <h1
          class="c6 c7"
        >
          <a
            class="c8"
            href="#"
          >
            Logo
          </a>
        </h1>
        <nav
          aria-label="Main menu"
          class="c9"
        >
          <a
            class="c10"
            href="#target1"
            target="_self"
          >
            Link 1
          </a>
          <a
            class="c10"
            href="#target2"
            target="_self"
          >
            Link 2
          </a>
          <a
            class="c10"
            href="#target3"
            target="_self"
          >
            Link 3
          </a>
          <a
            class="c10"
            href="#target4"
            target="_self"
          >
            Link 4
          </a>
          <a
            class="c10"
            href="#target5"
            target="_self"
          >
            Link 5
          </a>
          <a
            class="c10"
            href="#target6"
            target="_self"
          >
            Link 6
          </a>
          <a
            class="c10"
            href="#target7"
            target="_self"
          >
            Link 7
          </a>
          <a
            class="c10"
            href="#target8"
            target="_self"
          >
            Link 8
          </a>
          <a
            class="c10"
            href="#target9"
            target="_self"
          >
            Link 9
          </a>
          <a
            class="c10"
            href="#target10"
            target="_self"
          >
            Link 10
          </a>
        </nav>
      </div>
    </div>
  </div>
  <div
    class="c11"
  >
    <div
      class="c12"
    >
      <div
        class="c3 c4"
      >
        <div
          class="c13"
        >
          <h2
            class="c6 c14"
          >
            Nossos Serviços
          </h2>
          <div
            class="c15 c16"
          >
            Oferecemos soluções completas em desenvolvimento de software, com foco em qualidade e inovação. Nossa equipe especializada está pronta para transformar suas ideias em realidade.
          </div>
          <div
            class="c17"
            role="grid"
          >
            <div
              class="c18 c19"
              role="article"
            >
              <div
                class="c20"
              >
                <span
                  class="c21"
                >
                  1
                </span>
                 
                <h3
                  class="c6 c22"
                >
                  Consultoria Técnica
                </h3>
              </div>
              <div
                class="c15 c16"
              >
                Oferecemos consultoria especializada em arquitetura de software, escolha de tecnologias e melhores práticas de desenvolvimento. Ajudamos sua equipe a tomar as melhores decisões técnicas.
              </div>
            </div>
            <div
              class="c18 c19"
              role="article"
            >
              <div
                class="c20"
              >
                <span
                  class="c21"
                >
                  2
                </span>
                 
                <h3
                  class="c6 c22"
                >
                  Web Development
                </h3>
              </div>
              <div
                class="c15 c16"
              >
                Criamos aplicações web modernas e responsivas utilizando as mais recentes tecnologias do mercado. Nosso foco está em React, Next.js e Node.js, garantindo performance e escalabilidade para seu projeto.
              </div>
            </div>
            <div
              class="c18 c19"
              role="article"
            >
              <div
                class="c20"
              >
                <span
                  class="c21"
                >
                  3
                </span>
                 
                <h3
                  class="c6 c22"
                >
                  UX/UI Design
                </h3>
              </div>
              <div
                class="c15 c16"
              >
                Nossa equipe de design cria interfaces intuitivas e atraentes, focando na experiência do usuário. Trabalhamos com prototipação, testes de usabilidade e design systems completos.
              </div>
            </div>
          </div>
        </div>
      </div>
    </div>
    <div
      class="c12"
    >
      <div
        class="c3 c4"
      >
        <div
          class="c13"
        >
          <h2
            class="c6 c14"
          >
            Nossos Serviços
          </h2>
          <div
            class="c15 c16"
          >
            Oferecemos soluções completas em desenvolvimento de software, com foco em qualidade e inovação. Nossa equipe especializada está pronta para transformar suas ideias em realidade.
          </div>
          <div
            class="c17"
            role="grid"
          >
            <div
              class="c18 c19"
              role="article"
            >
              <div
                class="c20"
              >
                <span
                  class="c21"
                >
                  1
                </span>
                 
                <h3
                  class="c6 c22"
                >
                  Consultoria Técnica
                </h3>
              </div>
              <div
                class="c15 c16"
              >
                Oferecemos consultoria especializada em arquitetura de software, escolha de tecnologias e melhores práticas de desenvolvimento. Ajudamos sua equipe a tomar as melhores decisões técnicas.
              </div>
            </div>
            <div
              class="c18 c19"
              role="article"
            >
              <div
                class="c20"
              >
                <span
                  class="c21"
                >
                  2
                </span>
                 
                <h3
                  class="c6 c22"
                >
                  Web Development
                </h3>
              </div>
              <div
                class="c15 c16"
              >
                Criamos aplicações web modernas e responsivas utilizando as mais recentes tecnologias do mercado. Nosso foco está em React, Next.js e Node.js, garantindo performance e escalabilidade para seu projeto.
              </div>
            </div>
            <div
              class="c18 c19"
              role="article"
            >
              <div
                class="c20"
              >
                <span
                  class="c21"
                >
                  3
                </span>
                 
                <h3
                  class="c6 c22"
                >
                  UX/UI Design
                </h3>
              </div>
              <div
                class="c15 c16"
              >
                Nossa equipe de design cria interfaces intuitivas e atraentes, focando na experiência do usuário. Trabalhamos com prototipação, testes de usabilidade e design systems completos.
              </div>
            </div>
          </div>
        </div>
      </div>
    </div>
    <div
      class="c12"
    >
      <div
        class="c3 c4"
      >
        <div
          class="c13"
        >
          <h2
            class="c6 c14"
          >
            Nossos Serviços
          </h2>
          <div
            class="c15 c16"
          >
            Oferecemos soluções completas em desenvolvimento de software, com foco em qualidade e inovação. Nossa equipe especializada está pronta para transformar suas ideias em realidade.
          </div>
          <div
            class="c17"
            role="grid"
          >
            <div
              class="c18 c19"
              role="article"
            >
              <div
                class="c20"
              >
                <span
                  class="c21"
                >
                  1
                </span>
                 
                <h3
                  class="c6 c22"
                >
                  Consultoria Técnica
                </h3>
              </div>
              <div
                class="c15 c16"
              >
                Oferecemos consultoria especializada em arquitetura de software, escolha de tecnologias e melhores práticas de desenvolvimento. Ajudamos sua equipe a tomar as melhores decisões técnicas.
              </div>
            </div>
            <div
              class="c18 c19"
              role="article"
            >
              <div
                class="c20"
              >
                <span
                  class="c21"
                >
                  2
                </span>
                 
                <h3
                  class="c6 c22"
                >
                  Web Development
                </h3>
              </div>
              <div
                class="c15 c16"
              >
                Criamos aplicações web modernas e responsivas utilizando as mais recentes tecnologias do mercado. Nosso foco está em React, Next.js e Node.js, garantindo performance e escalabilidade para seu projeto.
              </div>
            </div>
            <div
              class="c18 c19"
              role="article"
            >
              <div
                class="c20"
              >
                <span
                  class="c21"
                >
                  3
                </span>
                 
                <h3
                  class="c6 c22"
                >
                  UX/UI Design
                </h3>
              </div>
              <div
                class="c15 c16"
              >
                Nossa equipe de design cria interfaces intuitivas e atraentes, focando na experiência do usuário. Trabalhamos com prototipação, testes de usabilidade e design systems completos.
              </div>
            </div>
          </div>
        </div>
      </div>
    </div>
    <div
      class="c12"
    >
      <div
        class="c3 c4"
      >
        <div
          class="c13"
        >
          <h2
            class="c6 c14"
          >
            Nossos Serviços
          </h2>
          <div
            class="c15 c16"
          >
            Oferecemos soluções completas em desenvolvimento de software, com foco em qualidade e inovação. Nossa equipe especializada está pronta para transformar suas ideias em realidade.
          </div>
          <div
            class="c17"
            role="grid"
          >
            <div
              class="c18 c19"
              role="article"
            >
              <div
                class="c20"
              >
                <span
                  class="c21"
                >
                  1
                </span>
                 
                <h3
                  class="c6 c22"
                >
                  Consultoria Técnica
                </h3>
              </div>
              <div
                class="c15 c16"
              >
                Oferecemos consultoria especializada em arquitetura de software, escolha de tecnologias e melhores práticas de desenvolvimento. Ajudamos sua equipe a tomar as melhores decisões técnicas.
              </div>
            </div>
            <div
              class="c18 c19"
              role="article"
            >
              <div
                class="c20"
              >
                <span
                  class="c21"
                >
                  2
                </span>
                 
                <h3
                  class="c6 c22"
                >
                  Web Development
                </h3>
              </div>
              <div
                class="c15 c16"
              >
                Criamos aplicações web modernas e responsivas utilizando as mais recentes tecnologias do mercado. Nosso foco está em React, Next.js e Node.js, garantindo performance e escalabilidade para seu projeto.
              </div>
            </div>
            <div
              class="c18 c19"
              role="article"
            >
              <div
                class="c20"
              >
                <span
                  class="c21"
                >
                  3
                </span>
                 
                <h3
                  class="c6 c22"
                >
                  UX/UI Design
                </h3>
              </div>
              <div
                class="c15 c16"
              >
                Nossa equipe de design cria interfaces intuitivas e atraentes, focando na experiência do usuário. Trabalhamos com prototipação, testes de usabilidade e design systems completos.
              </div>
            </div>
          </div>
        </div>
      </div>
    </div>
    <div
      class="c12"
    >
      <div
        class="c3 c4"
      >
        <div
          class="c13"
        >
          <h2
            class="c6 c14"
          >
            Nossos Serviços
          </h2>
          <div
            class="c15 c16"
          >
            Oferecemos soluções completas em desenvolvimento de software, com foco em qualidade e inovação. Nossa equipe especializada está pronta para transformar suas ideias em realidade.
          </div>
          <div
            class="c17"
            role="grid"
          >
            <div
              class="c18 c19"
              role="article"
            >
              <div
                class="c20"
              >
                <span
                  class="c21"
                >
                  1
                </span>
                 
                <h3
                  class="c6 c22"
                >
                  Consultoria Técnica
                </h3>
              </div>
              <div
                class="c15 c16"
              >
                Oferecemos consultoria especializada em arquitetura de software, escolha de tecnologias e melhores práticas de desenvolvimento. Ajudamos sua equipe a tomar as melhores decisões técnicas.
              </div>
            </div>
            <div
              class="c18 c19"
              role="article"
            >
              <div
                class="c20"
              >
                <span
                  class="c21"
                >
                  2
                </span>
                 
                <h3
                  class="c6 c22"
                >
                  Web Development
                </h3>
              </div>
              <div
                class="c15 c16"
              >
                Criamos aplicações web modernas e responsivas utilizando as mais recentes tecnologias do mercado. Nosso foco está em React, Next.js e Node.js, garantindo performance e escalabilidade para seu projeto.
              </div>
            </div>
            <div
              class="c18 c19"
              role="article"
            >
              <div
                class="c20"
              >
                <span
                  class="c21"
                >
                  3
                </span>
                 
                <h3
                  class="c6 c22"
                >
                  UX/UI Design
                </h3>
              </div>
              <div
                class="c15 c16"
              >
                Nossa equipe de design cria interfaces intuitivas e atraentes, focando na experiência do usuário. Trabalhamos com prototipação, testes de usabilidade e design systems completos.
              </div>
            </div>
          </div>
        </div>
      </div>
    </div>
    <div
      class="c12"
    >
      <div
        class="c3 c4"
      >
        <div
          class="c13"
        >
          <h2
            class="c6 c14"
          >
            Nossos Serviços
          </h2>
          <div
            class="c15 c16"
          >
            Oferecemos soluções completas em desenvolvimento de software, com foco em qualidade e inovação. Nossa equipe especializada está pronta para transformar suas ideias em realidade.
          </div>
          <div
            class="c17"
            role="grid"
          >
            <div
              class="c18 c19"
              role="article"
            >
              <div
                class="c20"
              >
                <span
                  class="c21"
                >
                  1
                </span>
                 
                <h3
                  class="c6 c22"
                >
                  Consultoria Técnica
                </h3>
              </div>
              <div
                class="c15 c16"
              >
                Oferecemos consultoria especializada em arquitetura de software, escolha de tecnologias e melhores práticas de desenvolvimento. Ajudamos sua equipe a tomar as melhores decisões técnicas.
              </div>
            </div>
            <div
              class="c18 c19"
              role="article"
            >
              <div
                class="c20"
              >
                <span
                  class="c21"
                >
                  2
                </span>
                 
                <h3
                  class="c6 c22"
                >
                  Web Development
                </h3>
              </div>
              <div
                class="c15 c16"
              >
                Criamos aplicações web modernas e responsivas utilizando as mais recentes tecnologias do mercado. Nosso foco está em React, Next.js e Node.js, garantindo performance e escalabilidade para seu projeto.
              </div>
            </div>
            <div
              class="c18 c19"
              role="article"
            >
              <div
                class="c20"
              >
                <span
                  class="c21"
                >
                  3
                </span>
                 
                <h3
                  class="c6 c22"
                >
                  UX/UI Design
                </h3>
              </div>
              <div
                class="c15 c16"
              >
                Nossa equipe de design cria interfaces intuitivas e atraentes, focando na experiência do usuário. Trabalhamos com prototipação, testes de usabilidade e design systems completos.
              </div>
            </div>
          </div>
        </div>
      </div>
    </div>
    <footer
      class="c23"
    >
      <div
        class="c3 c4"
      >
        <div
          class="c15 c16"
        >
          <p>
            <a
              href="https://beacons.page/antunesluis"
            >
              Feito com ❤ por Luis Antunes
            </a>
          </p>
        </div>
      </div>
    </footer>
  </div>
  <a
    aria-label="Go to top"
    class="c24"
    href="#"
    title="Go to top"
  >
    <svg
      aria-hidden="true"
      class="c1"
      fill="currentColor"
      focusable="false"
      viewBox="0 0 24 24"
      xmlns="http://www.w3.org/2000/svg"
    >
      <path
        d="M7.41 15.41 12 10.83l4.59 4.58L18 14l-6-6-6 6 1.41 1.41z"
      />
    </svg>
  </a>
</div>
`;
