// Jest Snapshot v1, https://goo.gl/fbAQLP

exports[`<Footer /> should match snapshot 1`] = `
.c2 {
  max-width: 120rem;
  margin: 0 auto;
  padding: 3.2rem;
}

.c0 {
  text-align: center;
}

.c0 a {
  color: inherit;
  text-decoration: none;
  font-size: 1.6rem;
}

.c0 >.c1 {
  padding: 0;
}

.c3 {
  font-size: 2.4rem;
}

<div>
  <footer
    class="c0"
  >
    <div
      class="c1 c2"
    >
      <div
        class="c3"
      >
        <h1>
          Ol√°
        </h1>
      </div>
    </div>
  </footer>
</div>
`;
