// Jest Snapshot v1, https://goo.gl/fbAQLP

exports[`<GridText /> should match snapshot 1`] = `
.c4 {
  color: #FFFFFF;
  font-size: 6.4rem;
  text-transform: uppercase;
}

.c9 {
  color: #FFFFFF;
  font-size: 3.2rem;
  text-transform: none;
}

.c6 {
  font-size: 2.4rem;
}

.c2 {
  width: 100%;
  max-width: 120rem;
  margin: 0 auto;
}

.c2 .c5 {
  margin-bottom: 6.4rem;
  max-width: 70ch;
  opacity: 0.9;
}

.c2 >.c3 {
  text-shadow: 0.1rem 0.1rem 0.2rem rgba(0, 0, 0, 0.2);
  margin-bottom: 2.4rem;
}

.c7 {
  counter-reset: grid-counter;
  display: grid;
  max-width: 100%;
  grid-template-columns: repeat(auto-fit, minmax(min(100%, 32rem), 1fr));
  gap: 4.0rem;
}

.c8 {
  position: relative;
  border-radius: 8px;
  background: rgba(255, 255, 255, 0.03);
  transition: all 0.3s ease-in-out;
  padding: 2.4rem;
}

.c8:hover {
  transform: translateY(-6px);
  background: rgba(255, 255, 255, 0.05);
}

.c8 .c3 {
  position: relative;
  left: 5rem;
  margin-bottom: 1.6rem;
  padding-right: 2.4rem;
  max-width: calc(100% - 5rem);
}

.c8 .c3::before {
  counter-increment: grid-counter;
  content: counter(grid-counter);
  position: absolute;
  font-size: clamp(5rem, 8vw, 7.5rem);
  font-weight: 700;
  opacity: 0.15;
  top: -3rem;
  left: -6rem;
  transform: rotate(8deg);
  transition: all 0.2s ease-in-out;
}

.c8:hover .c3::before {
  opacity: 0.2;
  transform: rotate(5deg) scale(1.1);
}

.c8 .c5 {
  line-height: 1.6;
  opacity: 0.85;
  padding-right: 1.6rem;
  max-width: 100%;
}

.c1 {
  max-width: 120rem;
  margin: 0 auto;
  padding: 3.2rem;
}

.c0 {
  background: #FFFFFF;
  color: #0A1128;
  background-image: url(/assets/images/backgrounds/blue-bg.svg);
  background-size: cover;
  background-position: center center;
  background-repeat: no-repeat;
  color: #FFFFFF;
  min-height: 100vh;
  display: flex;
  align-items: center;
}

@media (max-width: 768px) {
  .c4 {
    font-size: 4.0rem;
  }
}

@media (max-width: 768px) {
  .c2 .c5 {
    margin-bottom: 3.2rem;
  }
}

@media (max-width: 768px) {
  .c8 .c3 {
    left: 4rem;
    max-width: calc(100% - 4rem);
  }
}

<div>
  <div
    class="c0"
  >
    <div
      class="c1"
    >
      <div
        class="c2"
      >
        <h2
          class="c3 c4"
        >
          Nossos Serviços
        </h2>
        <div
          class="c5 c6"
        >
          Oferecemos soluções completas em desenvolvimento de software, com foco em qualidade e inovação. Nossa equipe especializada está pronta para transformar suas ideias em realidade.
        </div>
        <div
          class="c7"
          role="grid"
        >
          <div
            class="c8"
            role="article"
          >
            <h3
              class="c3 c9"
            >
              Software Architecture
            </h3>
            <div
              class="c5 c6"
            >
              Planejamos e implementamos arquiteturas robustas e escaláveis, seguindo as melhores práticas do mercado. Utilizamos padrões de projeto modernos.
            </div>
          </div>
          <div
            class="c8"
            role="article"
          >
            <h3
              class="c3 c9"
            >
              Web Development
            </h3>
            <div
              class="c5 c6"
            >
              Criamos aplicações web modernas e responsivas utilizando as mais recentes tecnologias do mercado. Nosso foco está em React, Next.js e Node.js.
            </div>
          </div>
          <div
            class="c8"
            role="article"
          >
            <h3
              class="c3 c9"
            >
              UX/UI Design
            </h3>
            <div
              class="c5 c6"
            >
              Nossa equipe de design cria interfaces intuitivas e atraentes, focando na experiência do usuário. Trabalhamos com prototipação, testes de usabilidade e design systems completos.
            </div>
          </div>
          <div
            class="c8"
            role="article"
          >
            <h3
              class="c3 c9"
            >
              DevOps & Cloud
            </h3>
            <div
              class="c5 c6"
            >
              Implementamos práticas de CI/CD e gerenciamos toda infraestrutura em cloud, utilizando AWS, Azure ou Google Cloud. Garantimos a disponibilidade e segurança da sua aplicação.
            </div>
          </div>
          <div
            class="c8"
            role="article"
          >
            <h3
              class="c3 c9"
            >
              Mobile Development
            </h3>
            <div
              class="c5 c6"
            >
              Desenvolvemos aplicativos mobile nativos e híbridos para iOS e Android. Utilizamos React Native e Flutter para criar experiências móveis excepcionais com código compartilhado.
            </div>
          </div>
          <div
            class="c8"
            role="article"
          >
            <h3
              class="c3 c9"
            >
              Consultoria Técnica
            </h3>
            <div
              class="c5 c6"
            >
              Oferecemos consultoria especializada em arquitetura de software, escolha de tecnologias e melhores práticas de desenvolvimento. Ajudamos sua equipe a tomar as melhores decisões técnicas.
            </div>
          </div>
        </div>
      </div>
    </div>
  </div>
</div>
`;
