// Jest Snapshot v1, https://goo.gl/fbAQLP

exports[`renders heading with text Hello 1`] = `
<h1>
  Hello
</h1>
`;
